{
    "id": "08de57b57b4b2e1c5642f51f1b686d05c01d8498b03ca0003e0637bd4f18dccc",
    "query": "asdfjklaj#$Q#$^%%24&^g fasdlfkn~#%%24Qe46787",
    "resultsMetadata": [
        {
            "author": "Mark <mark>G</mark>. Winiarski",
            "description": "As we approach the 21st century, we also approach the third decade of the AIDS epidemic. Mental health care providers must face the crucial fact that the human immunodeficiency virus (HIV) and the condition it causes, Acquired Immune Deficiency Syndrome (AIDS) is the leading cause of death among Americans aged 25-44 years. HIV Mental Health for the 21st Century provides a roadmap for mental health professionals who seek to develop new strategies aimed at increasing the longevity and quality of…",
            "isbn": "9780814793114",
            "publicationDate": "1997",
            "subtitle": "",
            "thumbnail": "/open-square-reader/epub_content/9780814793114/ops/images/9780814793114-th.jpg",
            "title": "HIV Mental Health for the 21st Century"
        },
        {
            "author": "Niobe Way",
            "description": "…, and falls into depression as his younger sister is dying of cancer. We meet Eva, an intelligent and confident young women full of questions, who grows increasingly alienated from her mother and comes to rely on her best friends for support. We watch her blossom as a ball player and a poet. We share her triumph when she receives a scholarship to the college of her choice. In these <mark>24</mark> adolescents, Way finds a cross-section of youngsters who want to make positive changes in their lives and communities…",
            "isbn": "9780814793398",
            "publicationDate": "1997",
            "subtitle": "The Lives and Stories of Urban Teenagers",
            "thumbnail": "/open-square-reader/epub_content/9780814793398/ops/images/9780814793398-th.jpg",
            "title": "Everyday Courage"
        },
        {
            "author": "Thomas Cushman, Stjepan Mestrovic",
            "description": "… almost instantaneously, do not allow even the most uninterested viewer to ignore the grim reality of genocide. And yet, while information abounds, so do rationalizations for non-intervention in Balkan affairs - the threshold of real genocide has yet to be reached in Bosnia; all sides are equally guilty; Islamic fundamentalism in Bosnia is a threat to the West; it will only end when they all tire of killing each other - to name but a few. In This Time We Knew, Thomas Cushman and Stjepan <mark>G</mark>. Mestrovic…",
            "isbn": "9780814715352",
            "publicationDate": "1996",
            "subtitle": "Western Responses to Genocide in Bosnia",
            "thumbnail": "/open-square-reader/epub_content/9780814715352/ops/images/9780814715352-th.jpg",
            "title": "This Time We Knew"
        }
    ],
    "resultsNumBooks": 3
}