{
    "id": "1c0d271fb00677854528c46d8faf2e5db744aae3b49d4a3d87a9aa4d41b98485",
    "query": "law and science",
    "resultsMetadata": [
        {
            "author": "Steven Goldberg",
            "description": "… sluggish and much-delayed. From Star Trek to Jurassic Park, the American imagination has always been fascinated by the power of scientific technology. But what does the reality of scientific progress mean for our society?  In this controversial book, Steven Goldberg provides a compelling look at the intersection of two of America's most powerful communities—<mark>law</mark> and <mark>science</mark>—to explain this apparent contradiction. Rarely considered in tandem, <mark>law</mark> and <mark>science</mark> highlight a fundamental paradox…",
            "isbn": "9780814730911",
            "publicationDate": "1994",
            "subtitle": "<mark>Law</mark> and <mark>Science</mark> in America",
            "thumbnail": "https://nyu-opensquare-us.imgix.net/covers/9780814730911.jpg?auto=format&w=145",
            "title": "Culture Clash"
        }
    ],
    "resultsNumBooks": 1
}