{
    "id": "1c48f6310f1c849b4ac338d340ee667bf3b6d59b589348eaa2b8a0698ff73481",
    "query": "mind",
    "resultsMetadata": [
        {
            "author": "Natalie Clifford Barney, John Spalding Gatton",
            "description": "In this book, Barney explores her family tree, chronicles her friendships and associations through reprinted correspondence and recreated conversations, and evokes the golden age of her salon in gallery of literary portraits.",
            "isbn": "9780814711774",
            "publicationDate": "1992",
            "subtitle": "The Memoirs of Natalie Clifford Barney",
            "thumbnail": "https://nyu-opensquare-us.imgix.net/covers/9780814711774.jpg?auto=format&w=145",
            "title": "Adventures of the <mark>Mind</mark>"
        },
        {
            "author": "Seth Forman",
            "description": "Since the 1960s the relationship between Blacks and Jews has been a contentious one. While others have attempted to explain or repair the break-up of the Jewish alliance on civil rights, Seth Forman here sets out to determine what Jewish thinking on the subject of Black Americans reveals about Jewish identity in the U.S. Why did American Jews get involved in Black causes in the first place? What did they have to gain from it? And what does that tell us about American Jews? In an extremely…",
            "isbn": "9780814726815",
            "publicationDate": "1998",
            "subtitle": "A Crisis of Liberalism",
            "thumbnail": "https://nyu-opensquare-us.imgix.net/covers/9780814726815.jpg?auto=format&w=145",
            "title": "Blacks in the Jewish <mark>Mind</mark>"
        },
        {
            "author": "Ruth Colker",
            "description": "…Since the fall of communism, laissez-faire capitalism has experienced renewed popularity. Flush with victory, the United States has embraced a particularly narrow and single-<mark>minded</mark> definition of capitalism and aggressively exported it worldwide. The defining trait of this brand of capitalism is an unwavering reverence for the icons of the market. Although promoted as a laissez-faire form of capitalism, it actually reflects the very evils of selfishness and greed by entrepreneurs that concerned…",
            "isbn": "9780814715635",
            "publicationDate": "1998",
            "subtitle": "The Worker, the Family, and the State",
            "thumbnail": "https://nyu-opensquare-us.imgix.net/covers/9780814715635.jpg?auto=format&w=145",
            "title": "American Law in the Age of Hypercapitalism"
        },
        {
            "author": "Jennifer L Manlowe",
            "description": "… with their problematic relationship with food, Jennifer Manlowe here illuminates the connections between female body, weight, and appetite preoccupations.Manlowe offers social and psychological insights into the most common forms of female suffering—incest and body hatred. The volume is intended as a resource for professionals, advocates, friends of survivors, and most importantly, the survivor of incest herself as she attempts to understand the links of meaning in her <mark>mind</mark> between her incest experience and her…",
            "isbn": "9780814755297",
            "publicationDate": "1995",
            "subtitle": "Sexual Trauma, Body Image, and Religion",
            "thumbnail": "https://nyu-opensquare-us.imgix.net/covers/9780814755297.jpg?auto=format&w=145",
            "title": "Faith Born of Seduction"
        }
    ],
    "resultsNumBooks": 4
}