{
    "id": "1c58c404855d0055360a1bb8fcd6dca6788b7244ca112dd66f3d9b5eea5c1be8",
    "query": "ancient philosophy",
    "resultsMetadata": [
        {
            "author": "John W. Chapman",
            "description": "…In this thirty-first annual volume in the American Society of Legal and Political <mark>Philosophy's</mark> NOMOS series, entitled Markets and Justice, a number of distinguished authors consider a variety of topics in the area where economics, <mark>philosophy</mark>, and political science join paths. Included are essays such as \"Contractarian Method, Private Property, and the Market Economy,\" \"Justice Under Capitalism,\" and \"Market Choice and Human Choice.\" Authors include Joshua Cohen, MIT; Gerald F. Gaus, University…",
            "isbn": "9780814714218",
            "publicationDate": "1989",
            "subtitle": "Nomos XXXI",
            "thumbnail": "/open-square-reader/epub_content/9780814714218/ops/images/9780814714218-th.jpg",
            "title": "Markets and Justice"
        },
        {
            "author": "Daniel Rancour-Laferriere",
            "description": "…Why, asks Daniel Rancour-Laferriere in this controversial book, has Russia been a country of suffering? Russian history, religion, folklore, and literature are rife with suffering. The plight of Anna Karenina, the submissiveness of serfs in the 16th and 17th centuries, <mark>ancient</mark> religious tracts emphasizing humility as the mother of virtues, the trauma of the Bolshevik revolution, the current economic upheavals wracking the country-- these are only a few of the symptoms of what The Slave Soul…",
            "isbn": "9780814774823",
            "publicationDate": "1995",
            "subtitle": "Moral Masochism and the Cult of Suffering",
            "thumbnail": "/open-square-reader/epub_content/9780814774823/ops/images/9780814774823-th.jpg",
            "title": "The Slave Soul of Russia"
        },
        {
            "author": "Ian Shapiro, Robert Adams",
            "description": "…, but in others they can live in varying degrees of mutual tension. Bringing together prominent scholars of legal theory and political <mark>philosophy</mark>, the volume addresses both classic ruminations on integrity and conscience by Plato, Hume, and Kant as well as more contemporary examinations of professional ethics and the complex relations among politics, law and personal morality.…",
            "isbn": "9780814780978",
            "publicationDate": "1998",
            "subtitle": "Nomos XL",
            "thumbnail": "/open-square-reader/epub_content/9780814780978/ops/images/9780814780978-th.jpg",
            "title": "Integrity and Conscience"
        },
        {
            "author": "Robert Seltzer, Norman S. Cohen",
            "description": "…- medieval Britain and France and only sixty years less than in Amsterdam. As one of the four especially creative Jewish communities that has helped re-shape and re-formulate modern Judaism, American Judaism is the most complex and least understood. German Jewry is recognized for its contribution to modern Jewish theology and <mark>philosophy</mark>, Russian and Polish Jewry is known for its secular influence in literature, and Israel clearly offers Judaism a new stance as a homeland. But how does one capture…",
            "isbn": "9780814780015",
            "publicationDate": "1995",
            "subtitle": "",
            "thumbnail": "/open-square-reader/epub_content/9780814780015/ops/images/9780814780015-th.jpg",
            "title": "The Americanization of the Jews"
        }
    ],
    "resultsNumBooks": 4
}