{
    "id": "2b93b177b55445f513d73ff1f0f30376d6ec181bcc1bd5cd19cccb970f4ee0d2",
    "query": "faith",
    "resultsMetadata": [
        {
            "author": "Jennifer L Manlowe",
            "description": "How do survivors of sexual and domestic violence relate to religion and to a higher power? What are the social and religious contexts that sustain and encourage eating disorders in women? How do these issues intersect? The relationship between Christian religious discourse, incest, and eating disorders reveals an important, and so far unexamined, psychosocial phenomenon. Drawing from interviews with incest survivors whose sexual and religious backgrounds are intimately connected with their…",
            "isbn": "9780814755297",
            "publicationDate": "1995",
            "subtitle": "Sexual Trauma, Body Image, and Religion",
            "thumbnail": "/open-square-reader/epub_content/9780814755297/ops/images/9780814755297-th.jpg",
            "title": "<mark>Faith</mark> Born of Seduction"
        },
        {
            "author": "Steven Goldberg",
            "description": "…It is an article of <mark>faith</mark> in America that scientific advances will lead to wondrous progress in our daily lives. Americans proudly support scientific research that yields stunning breakthroughs and Nobel prizes. We relish the ensuing debate about the implications—moral, ethical, practical—of these advances. Will genetic engineering change our basic nature? Will artificial intelligence challenge our sense of human uniqueness? And yet the actual implementation of these technologies is often…",
            "isbn": "9780814730911",
            "publicationDate": "1994",
            "subtitle": "Law and Science in America",
            "thumbnail": "/open-square-reader/epub_content/9780814730911/ops/images/9780814730911-th.jpg",
            "title": "Culture Clash"
        }
    ],
    "resultsNumBooks": 2
}