{
    "id": "3f79bb7b435b05321651daefd374cdc681dc06faa65e374e38337b88ca046dea",
    "query": "e",
    "resultsMetadata": [
        {
            "author": "Ellen <mark>E</mark>. Berry",
            "description": "The epidemic of mass rape in the former Yugoslavia has illustrated once again, and in particularly brutal fashion, the inextricable relationship between national politics, sexual politics, and body politics. The nexus of these three forces is highly charged in any culture, at any time in history, but especially so among cultures in which rapid, even cataclysmic, changes in material realities and national self-conceptions are eroding or overwhelming previously secure boundaries.The postcommunist…",
            "isbn": "9780814712481",
            "publicationDate": "1995",
            "subtitle": "Postcommunism and the Body Politic",
            "thumbnail": "/open-square-reader/epub_content/9780814712481/ops/images/9780814712481-th.jpg",
            "title": "Genders 22"
        },
        {
            "author": "Mark <mark>E</mark>. Kann",
            "description": "…What role did manhood play in early American Politics? In A Republic of Men, Mark <mark>E</mark>. Kann argues that the American founders aspired to create a \"republic of men\" but feared that \"disorderly men\" threatened its birth, health, and longevity. Kann demonstrates how hegemonic norms of manhood-exemplified by \"the Family Man,\" for instance--were deployed as a means of stigmatizing unworthy men, rewarding responsible men with citizenship, and empowering exceptional men with positions of leadership…",
            "isbn": "9780814747148",
            "publicationDate": "1998",
            "subtitle": "The American Founders, Gendered Language, and Patriarchal Politics",
            "thumbnail": "/open-square-reader/epub_content/9780814747148/ops/images/9780814747148-th.jpg",
            "title": "A Republic of Men"
        },
        {
            "author": "Richard K Vedder, Lowell <mark>E</mark>. Gallaway",
            "description": "Redefining the way we think about unemployment in America today, Out of Work offers devastating evidence that the major cause of high unemployment in the United States is the government itself. An Independent Institute Book",
            "isbn": "9780814787922",
            "publicationDate": "1993",
            "subtitle": "Unemployment and Government in Twentieth-Century America",
            "thumbnail": "/open-square-reader/epub_content/9780814787922/ops/images/9780814787922-th.jpg",
            "title": "Out of Work"
        },
        {
            "author": "Ronald Jeffrey Ringer",
            "description": "… for students of communication practices and theory, and for everyone interested in human sexuality. Contributing to the book are: James Chesebro (Indiana State), James Darsey (Ohio State), Joseph A. Devito (Hunter College, CUNY), Timothy Edgar (Purdue), Mary Anne Fitzpatrick (Wisconsin, Madison), Karen A. Foss (Humboldt State), Kirk Fuoss (St. Lawrence), Larry Gross (Pennsylvania), Darlene Hantzis (Indiana State), Fred <mark>E</mark>. Jandt (California State, San Bernardino), Mercilee Jenkins (San Francisco State…",
            "isbn": "9780814774410",
            "publicationDate": "1994",
            "subtitle": "Communication and the Construction of Homosexuality",
            "thumbnail": "/open-square-reader/epub_content/9780814774410/ops/images/9780814774410-th.jpg",
            "title": "Queer Words, Queer Images"
        }
    ],
    "resultsNumBooks": 4
}