{
    "id": "42e375ead7401cdc72b812a7792aebf8dd429cdd5fbe3358549e592b511ecca2",
    "query": "american government",
    "resultsMetadata": [
        {
            "author": "Bill Ong Hing",
            "description": "…The impetus behind California's Proposition 187 clearly reflects the growing anti-immigrant sentiment in this country. Many <mark>Americans</mark> regard today's new immigrants as not truly <mark>American</mark>, as somehow less committed to the ideals on which the country was founded. In clear, precise terms, Bill Ong Hing considers immigration in the context of the global economy, a sluggish national economy, and the hard facts about downsizing. Importantly, he also confronts the emphatic claims of immigrant…",
            "isbn": "9780814735237",
            "publicationDate": "1997",
            "subtitle": "Cultural Pluralism and the Rhetoric of Assimilation",
            "thumbnail": "/open-square-reader/epub_content/9780814735237/ops/images/9780814735237-th.jpg",
            "title": "To Be An <mark>American</mark>"
        },
        {
            "author": "Richard K Vedder, Lowell E. Gallaway",
            "description": "…Redefining the way we think about unemployment in America today, Out of Work offers devastating evidence that the major cause of high unemployment in the United States is the <mark>government</mark> itself. An Independent Institute Book…",
            "isbn": "9780814787922",
            "publicationDate": "1993",
            "subtitle": "Unemployment and <mark>Government</mark> in Twentieth-Century America",
            "thumbnail": "/open-square-reader/epub_content/9780814787922/ops/images/9780814787922-th.jpg",
            "title": "Out of Work"
        },
        {
            "author": "Charles B. Craver",
            "description": "… collective bargaining in this century—must reading for scholars, lawmakers, and, especially, union leaders themselves.—Paul C. Weiler, Harvard Law SchoolAuthor of <mark>Governing</mark> the Workplace: The Future of Labor and Employment Law\"A thoroughly researched, insightful, and readable look at why <mark>American</mark> unions have declined. . . . This is a very informative analyis of a vital topic, and it will have a multidisciplinary appeal to anyone interested in union- management relations.—Peter Feuille, Institute of Labor…",
            "isbn": "9780814715123",
            "publicationDate": "1993",
            "subtitle": "The Rejuvenation of the <mark>American</mark> Labor Movement",
            "thumbnail": "/open-square-reader/epub_content/9780814715123/ops/images/9780814715123-th.jpg",
            "title": "Can Unions Survive?"
        },
        {
            "author": "Mark E. Kann",
            "description": "…What role did manhood play in early <mark>American</mark> Politics? In A Republic of Men, Mark E. Kann argues that the <mark>American</mark> founders aspired to create a \"republic of men\" but feared that \"disorderly men\" threatened its birth, health, and longevity. Kann demonstrates how hegemonic norms of manhood-exemplified by \"the Family Man,\" for instance--were deployed as a means of stigmatizing unworthy men, rewarding responsible men with citizenship, and empowering exceptional men with positions of leadership…",
            "isbn": "9780814747148",
            "publicationDate": "1998",
            "subtitle": "The <mark>American</mark> Founders, Gendered Language, and Patriarchal Politics",
            "thumbnail": "/open-square-reader/epub_content/9780814747148/ops/images/9780814747148-th.jpg",
            "title": "A Republic of Men"
        },
        {
            "author": "Peter N. Stearns",
            "description": "…Cool. The concept has distinctly <mark>American</mark> qualities and it permeates almost every aspect of contemporary <mark>American</mark> culture. From Kool cigarettes and the Peanuts cartoon's Joe Cool to West Side Story (Keep cool, boy.) and urban slang (Be cool. Chill out.), the idea of cool, in its many manifestations, has seized a central place in our vocabulary. Where did this preoccupation with cool come from? How was Victorian culture, seemingly so ensconced, replaced with the current emotional status quo…",
            "isbn": "9780814779965",
            "publicationDate": "1944",
            "subtitle": "Constructing a Twentieth-Century Emotional Style",
            "thumbnail": "/open-square-reader/epub_content/9780814779965/ops/images/9780814779965-th.jpg",
            "title": "<mark>American</mark> Cool"
        },
        {
            "author": "Robert Seltzer, Norman S. Cohen",
            "description": "…How did Judaism, a religion so often defined by its minority status, attain equal footing in the trinity of Catholicism, Protestantism, and Judaism that now dominates modern <mark>American</mark> religious life?THE <mark>AMERICANIZATION</mark> OF THE JEWS seeks out the effects of this evolution on both Jews in America and an America with Jews. Although English, French, and Dutch Jewries are usually considered the principal forerunners of modern Jewry, Jews have lived as long in North America as they have in post…",
            "isbn": "9780814780015",
            "publicationDate": "1995",
            "subtitle": "",
            "thumbnail": "/open-square-reader/epub_content/9780814780015/ops/images/9780814780015-th.jpg",
            "title": "The <mark>Americanization</mark> of the Jews"
        },
        {
            "author": "Ruth Colker",
            "description": "… Adam Smith. Capitalism, however, can thrive without an extreme emphasis on efficiency and personal autonomy. <mark>Americans</mark> often forget that theirs is a rather peculiar form of capitalism, that other Western nations successfully maintain capitalistic systems that are fundamentally more balanced and nuanced in their effect on society. The unnecessarily inhumane aspects of <mark>American</mark> capitalism become apparent when compared to Canadian and Western European societies, with their more generous policies…",
            "isbn": "9780814715635",
            "publicationDate": "1998",
            "subtitle": "The Worker, the Family, and the State",
            "thumbnail": "/open-square-reader/epub_content/9780814715635/ops/images/9780814715635-th.jpg",
            "title": "<mark>American</mark> Law in the Age of Hypercapitalism"
        },
        {
            "author": "Keith Beattie",
            "description": "…At the height of the Vietnam War, <mark>American</mark> society was so severely fragmented that it seemed that <mark>Americans</mark> may never again share common concerns. The media and other commentators represented the impact of the war through a variety of rhetorical devices, most notably the emotionally charged metaphor of \"the wound that will not heal.\" References in various contexts to veterans' attempts to find a \"voice,\" and to bring the war \"home\" were also common. Gradually, an assured and resilient <mark>American</mark>…",
            "isbn": "9780814713266",
            "publicationDate": "1998",
            "subtitle": "<mark>American</mark> Culture and the Vietnam War",
            "thumbnail": "/open-square-reader/epub_content/9780814713266/ops/images/9780814713266-th.jpg",
            "title": "The Scar That Binds"
        },
        {
            "author": "James B. Jacobs, Christopher Panarella, Jay Worthington",
            "description": "… years, the very foundations of the mob have been shaken, its bosses imprisoned, its profits diminished, and its influence badly weakened. In this vivid and dramatic book, James B. Jacobs, Christopher Panarella, and Jay Worthington document the <mark>government's</mark> relentless attack on organized crime. The authors present an overview of the forces and events that led in the 1980s to the most successful organized crime control initiatives in <mark>American</mark> history. Enlisting trial testimony, secretly taped…",
            "isbn": "9780814742303",
            "publicationDate": "1994",
            "subtitle": "The United States v. Cosa Nostra",
            "thumbnail": "/open-square-reader/epub_content/9780814742303/ops/images/9780814742303-th.jpg",
            "title": "Busting the Mob"
        },
        {
            "author": "Ruth Colker",
            "description": "The United States, and the West in general, has always organized society along bipolar lines. We are either gay or straight, male or female, white or not, disabled or not. In recent years, however, America seems increasingly aware of those who defy such easy categorization. Yet, rather than being welcomed for the challenges that they offer, people living the gap are often ostracized by all the communities to which they might belong. Bisexuals, for instance, are often blamed for spreading AIDS to…",
            "isbn": "9780814715383",
            "publicationDate": "1996",
            "subtitle": "Bisexuals, Multiracials, and Other Misfits Under <mark>American</mark> Law",
            "thumbnail": "/open-square-reader/epub_content/9780814715383/ops/images/9780814715383-th.jpg",
            "title": "Hybrid"
        },
        {
            "author": "Mark Hertzog",
            "description": "…In the quarter century since the Stonewall riots in New York City's Greenwich Village launched the national gay-rights movement in earnest, LGB voters have steadily expanded their political influence. The Lavender Vote is the first full- length examination of lesbians, gay men, and bisexuals as a factor in <mark>American</mark> elections. Mark Hertzog here describes the differences in demographics, attitudes, and voting behavior between self-identified bisexuals and homosexuals and the rest of the voting…",
            "isbn": "9780814735305",
            "publicationDate": "",
            "subtitle": "Lesbians, Gay Men, and Bisexuals in <mark>American</mark> Electoral Politics",
            "thumbnail": "/open-square-reader/epub_content/9780814735305/ops/images/9780814735305-th.jpg",
            "title": "The Lavender Vote"
        },
        {
            "author": "Ryuzo Sato",
            "description": "… the following questions: --Is Japan really different? --Has America's sun set?--How have conflicting views on the role of <mark>government</mark> affected U.S.-Japan relations?--What are the real differences in <mark>American</mark> and Japanese industrial policies?--What is the anatomy of U.S.-Japanese antagonisms?--What effect has the collapse of the bubble economy had on relations?--What is Japan's future course? Is it truly a technological superpower? Can it avoid international isolation? An incisive personal look at one…",
            "isbn": "9780814780213",
            "publicationDate": "1994",
            "subtitle": "The Future of U.S.-Japan Relations",
            "thumbnail": "/open-square-reader/epub_content/9780814780213/ops/images/9780814780213-th.jpg",
            "title": "The Chrysanthemum and the Eagle"
        },
        {
            "author": "Gail R. Benjamin",
            "description": "…Gail R. Benjamin reaches beyond predictable images of authoritarian Japanese educators and automaton schoolchildren to show the advantages and disadvantages of a system remarkably different from the <mark>American</mark> one... --The New York Times Book Review <mark>Americans</mark> regard the Japanese educational system and the lives of Japanese children with a mixture of awe and indignance. We respect a system that produces higher literacy rates and superior math skills, but we reject the excesses of a system…",
            "isbn": "9780814712917",
            "publicationDate": "1997",
            "subtitle": "A Year in a Japanese School Through the Eyes of An <mark>American</mark> Anthropologist and Her Children",
            "thumbnail": "/open-square-reader/epub_content/9780814712917/ops/images/9780814712917-th.jpg",
            "title": "Japanese Lessons"
        },
        {
            "author": "James Darsey",
            "description": "…This expansive volume traces the rhetoric of reform across <mark>American</mark> history, examining such pivotal periods as the <mark>American</mark> Revolution, slavery, McCarthyism, and today's gay liberation movement. At a time when social movements led by religious leaders, from Louis Farrakhan to Pat Buchanan, are playing a central role in <mark>American</mark> politics, James Darsey connects this radical tradition with its prophetic roots.Public discourse in the West is derived from the Greek principles of civility, diplomacy…",
            "isbn": "9780814718766",
            "publicationDate": "1997",
            "subtitle": "",
            "thumbnail": "/open-square-reader/epub_content/9780814718766/ops/images/9780814718766-th.jpg",
            "title": "The Prophetic Tradition and Radical Rhetoric in America"
        },
        {
            "author": "Seth Forman",
            "description": "…Since the 1960s the relationship between Blacks and Jews has been a contentious one. While others have attempted to explain or repair the break-up of the Jewish alliance on civil rights, Seth Forman here sets out to determine what Jewish thinking on the subject of Black <mark>Americans</mark> reveals about Jewish identity in the U.S. Why did <mark>American</mark> Jews get involved in Black causes in the first place? What did they have to gain from it? And what does that tell us about <mark>American</mark> Jews? In an extremely…",
            "isbn": "9780814726815",
            "publicationDate": "1998",
            "subtitle": "A Crisis of Liberalism",
            "thumbnail": "/open-square-reader/epub_content/9780814726815/ops/images/9780814726815-th.jpg",
            "title": "Blacks in the Jewish Mind"
        },
        {
            "author": "Steven Goldberg",
            "description": "…It is an article of faith in America that scientific advances will lead to wondrous progress in our daily lives. <mark>Americans</mark> proudly support scientific research that yields stunning breakthroughs and Nobel prizes. We relish the ensuing debate about the implications—moral, ethical, practical—of these advances. Will genetic engineering change our basic nature? Will artificial intelligence challenge our sense of human uniqueness? And yet the actual implementation of these technologies is often…",
            "isbn": "9780814730911",
            "publicationDate": "1994",
            "subtitle": "Law and Science in America",
            "thumbnail": "/open-square-reader/epub_content/9780814730911/ops/images/9780814730911-th.jpg",
            "title": "Culture Clash"
        },
        {
            "author": "Stephen M. Feldman",
            "description": "…Whether in the form of Christmas trees in town squares or prayer in school, fierce disputes over the separation of church and state have long bedeviled this country. Both decried and celebrated, this principle is considered by many, for right or wrong, a defining aspect of <mark>American</mark> national identity. Nearly all discussions regarding the role of religion in <mark>American</mark> life build on two dominant assumptions: first, the separation of church and state is a constitutional principle that promotes…",
            "isbn": "9780814726846",
            "publicationDate": "1997",
            "subtitle": "A Critical History of the Separation of Church and State",
            "thumbnail": "/open-square-reader/epub_content/9780814726846/ops/images/9780814726846-th.jpg",
            "title": "Please Don't Wish Me a Merry Christmas"
        },
        {
            "author": "Scott Douglas Gerber",
            "description": "…Seldom has <mark>American</mark> law seen a more towering figure than Chief Justice John Marshall. Indeed, Marshall is almost universally regarded as the \"father of the Supreme Court\" and \"the jurist who started it all.\" Yet even while acknowledging the indelible stamp Marshall put on the Supreme Court, it is possible--in fact necessary--to examine the pre-Marshall Court, and its justices, to gain a true understanding of the origins of <mark>American</mark> constitutionalism. The ten essays in this tightly edited volume…",
            "isbn": "9780814731437",
            "publicationDate": "1998",
            "subtitle": "The Supreme Court Before John Marshall",
            "thumbnail": "/open-square-reader/epub_content/9780814731437/ops/images/9780814731437-th.jpg",
            "title": "Seriatim"
        },
        {
            "author": "Jody David Armour",
            "description": "…Tackling the ugly secret of unconscious racism in <mark>American</mark> society, this book provides specific solutions to counter this entrenched phenomenon.…",
            "isbn": "9780814706404",
            "publicationDate": "1997",
            "subtitle": "The Hidden Costs of Being Black in America",
            "thumbnail": "/open-square-reader/epub_content/9780814706404/ops/images/9780814706404-th.jpg",
            "title": "Negrophobia and Reasonable Racism"
        },
        {
            "author": "Anselm Haverkamp, H. R. Dodge",
            "description": "…What impact has deconstruction had on the way we read <mark>American</mark> culture? And how is <mark>American</mark> culture itself peculiarly deconstructive? To address these questions, this volume brings together some of the most provocative thinkers associated with deconstruction, among them Jacques Derrida, Judith Butler, and Avital Ronnel. Ranging across a wide field, from the ethics of reading to the rhetoric of performance, the contributors offer provocative insights into a new sense of the political…",
            "isbn": "9780814735190",
            "publicationDate": "1995",
            "subtitle": "A New Sense of the Political",
            "thumbnail": "/open-square-reader/epub_content/9780814735190/ops/images/9780814735190-th.jpg",
            "title": "Deconstruction Is/In America"
        },
        {
            "author": "Henry Jenkins, Sangita Shresthova, Liana Gamber-Thompson, Neta Kligler-Vilenchik, Arely Zimmerman",
            "description": "…There is a widespread perception that the foundations of <mark>American</mark> democracy are dysfunctional, public trust in core institutions is eroding, and little is likely to emerge from traditional politics that will shift those conditions. Youth are often seen as emblematic of this crisis—frequently represented as uninterested in political life, ill-informed about current-affairs, and unwilling to register and vote. \nBy Any Media Necessary offers a profoundly different picture of contemporary <mark>American</mark>…",
            "isbn": "9781479899982",
            "publicationDate": "2016",
            "subtitle": "The New Youth Activism",
            "thumbnail": "/open-square-reader/epub_content/9781479899982/ops/images/9781479899982-th.jpg",
            "title": "By Any Media Necessary"
        },
        {
            "author": "Steven T. Katz",
            "description": "…Rabbi Jacob Agus' (1911-1986) intellectual production spanned nearly a half century and covered an enormous historical and conceptual range, from the biblical to the modern era. Best known as an important Jewish scholar, he also held important rabbinic, teaching, and public positions. Although born and raised within an orthodox setting, Agus was strongly influenced by <mark>American</mark> liberalism and his work displayed modernizing sympathies, reservations about nationalism--including some forms…",
            "isbn": "9780814746929",
            "publicationDate": "1997",
            "subtitle": "The Writings of Jacob B. Agus",
            "thumbnail": "/open-square-reader/epub_content/9780814746929/ops/images/9780814746929-th.jpg",
            "title": "The Essential Agus"
        },
        {
            "author": "Katherine Mayberry",
            "description": "…Can whites teach African-<mark>American</mark> literature effectively and legitimately? What is at issue when a man teaches a women's studies course? How effectively can a straight woman educate students about gay and lesbian history? What are the political implications of the study of the colonizers by the colonized? More generally, how does the identity of an educator affect his or her credibility with students and with other educators? In incident after well-publicized incident, these abstract questions…",
            "isbn": "9780814755471",
            "publicationDate": "1996",
            "subtitle": "Identity Politics in Higher Education",
            "thumbnail": "/open-square-reader/epub_content/9780814755471/ops/images/9780814755471-th.jpg",
            "title": "Teaching What You're Not"
        },
        {
            "author": "Don Judson",
            "description": "…\"When BooBoo stabs Morris Boyle I am reading a news magazine that someone has smuggled into the wing.\" Thus, the protagonist of this novella introduces us to prison, one of the several worlds he inhabits, worlds most of us would rather ignore but which inexorably, through what we see and hear and read and live on uncountable <mark>American</mark> streets, has become the one world we can no longer avoid. It seduces us with the voice of drugs and violence. Of the disenfranchised. Of those both at once outside…",
            "isbn": "9780814742297",
            "publicationDate": "1996",
            "subtitle": "",
            "thumbnail": "/open-square-reader/epub_content/9780814742297/ops/images/9780814742297-th.jpg",
            "title": "Bird-Self Accumulated"
        },
        {
            "author": "Paul Harris",
            "description": "…In 1971, Paul Harris pioneered the modern version of the black rage defense when he successfully defended a young black man charged with armed bank robbery. Dubbed one of the most novel criminal defenses in <mark>American</mark> history by Vanity Fair, the black rage defense is enormously controversial, frequently dismissed as irresponsible, nothing less than a harbinger of anarchy. Consider the firestorm of protest that resulted when the defense for Colin Ferguson, the gunman who murdered numerous…",
            "isbn": "9780814735923",
            "publicationDate": "1997",
            "subtitle": "",
            "thumbnail": "/open-square-reader/epub_content/9780814735923/ops/images/9780814735923-th.jpg",
            "title": "Black Rage Confronts the Law"
        },
        {
            "author": "Michael F. Bérubé",
            "description": "…. But in the context of the legitimation crisis in <mark>American</mark> higher education, the image of English departments has in fact played a major role in determining public attitudes toward colleges and college faculty. Similarly, the changing economic conditions of universities have prompted many English professors to rethink their relations to their \"clients,\" asking how literary study can serve the <mark>American</mark> public. What sorts of cultural criticism are teachers and scholars to produce, and how can that criticism…",
            "isbn": "9780814713013",
            "publicationDate": "1998",
            "subtitle": "Theory, Jobs, and the Future of Literary Studies",
            "thumbnail": "/open-square-reader/epub_content/9780814713013/ops/images/9780814713013-th.jpg",
            "title": "Employment of English"
        },
        {
            "author": "Stanley A Renshon",
            "description": "…The Clinton presidency is pivotal, occurring at a particularly sensitive time in <mark>American</mark> and world history. The Cold War has ended; yet <mark>Americans</mark> face daunting social and economic problems and are increasingly divided about how to address them. In this perceptive psychological portrait of Clinton and his presidency, expert Stanley Renshon investigates whether Clinton has demonstrated the requisite qualities of judgment, vision, character, and skill to meet the challenges he faces, domestically…",
            "isbn": "9780814774632",
            "publicationDate": "1996",
            "subtitle": "Bill Clinton and the Politics of Ambition",
            "thumbnail": "/open-square-reader/epub_content/9780814774632/ops/images/9780814774632-th.jpg",
            "title": "High Hopes"
        },
        {
            "author": "Mark G. Winiarski",
            "description": "…As we approach the 21st century, we also approach the third decade of the AIDS epidemic. Mental health care providers must face the crucial fact that the human immunodeficiency virus (HIV) and the condition it causes, Acquired Immune Deficiency Syndrome (AIDS) is the leading cause of death among <mark>Americans</mark> aged 25-44 years. HIV Mental Health for the 21st Century provides a roadmap for mental health professionals who seek to develop new strategies aimed at increasing the longevity and quality…",
            "isbn": "9780814793114",
            "publicationDate": "1997",
            "subtitle": "",
            "thumbnail": "/open-square-reader/epub_content/9780814793114/ops/images/9780814793114-th.jpg",
            "title": "HIV Mental Health for the 21st Century"
        },
        {
            "author": "John W. Chapman",
            "description": "…In this thirty-first annual volume in the <mark>American</mark> Society of Legal and Political Philosophy's NOMOS series, entitled Markets and Justice, a number of distinguished authors consider a variety of topics in the area where economics, philosophy, and political science join paths. Included are essays such as \"Contractarian Method, Private Property, and the Market Economy,\" \"Justice Under Capitalism,\" and \"Market Choice and Human Choice.\" Authors include Joshua Cohen, MIT; Gerald F. Gaus, University…",
            "isbn": "9780814714218",
            "publicationDate": "1989",
            "subtitle": "Nomos XXXI",
            "thumbnail": "/open-square-reader/epub_content/9780814714218/ops/images/9780814714218-th.jpg",
            "title": "Markets and Justice"
        },
        {
            "author": "Niobe Way",
            "description": "…What does it mean to be a teenager in an <mark>American</mark> city at the close of the twentieth century? How do urban surroundings affect the ways in which teens grow up, and what do their stories tell us about human development? In particular, how do the negative images of themselves on television and in the newspaper affect their perspectives about themselves? Psychologists typically have shown little interest in urban youth, preferring instead to generalize about adolescent development from studies…",
            "isbn": "9780814793398",
            "publicationDate": "1997",
            "subtitle": "The Lives and Stories of Urban Teenagers",
            "thumbnail": "/open-square-reader/epub_content/9780814793398/ops/images/9780814793398-th.jpg",
            "title": "Everyday Courage"
        },
        {
            "author": "Ramon Lobato",
            "description": "…”); catalogs shrink and expand from country to country; prices appear in different currencies; and subtitles and captions are not available in local languages. These conditions offer rich insight for understanding the actual geographies of digital media distribution. Contrary to popular belief, the story of Netflix is not just an <mark>American</mark> one. From Argentina to Australia, Netflix’s ascension from a Silicon Valley start-up to an international television service has transformed media consumption on a global…",
            "isbn": "9781479804948",
            "publicationDate": "2019",
            "subtitle": "The Geography of Digital Distribution",
            "thumbnail": "/open-square-reader/epub_content/9781479804948/ops/images/9781479804948-th.jpg",
            "title": "Netflix Nations"
        }
    ],
    "resultsNumBooks": 31
}