{
    "id": "49d388c7ede2d5bc2b9a5af85c7135f6ce1dcf09c925b1f9dbb69aa2d2ad2d5e",
    "query": "show sold separately",
    "resultsMetadata": [
        {
            "author": "Jonathan Gray",
            "description": "… experiences are far from peripheral, shaping our understanding of them and informing our decisions about what to watch or not watch and even how to watch before we even sit down for a show.Show <mark>Sold</mark> <mark>Separately</mark> gives critical attention to this ubiquitous but often overlooked phenomenon, examining paratexts like DVD bonus materials for The Lord of the Rings, spoilers for Lost, the opening credits of The Simpsons, Star Wars actions figures, press reviews for Friday Night Lights, the framing of Batman Begins…",
            "isbn": "9780814731956",
            "publicationDate": "2017",
            "subtitle": "Promos, Spoilers, and Other Media Paratexts",
            "thumbnail": "https://nyu-opensquare-us.imgix.net/covers/9780814731956.jpg?auto=format&w=145",
            "title": "<mark>Show</mark> <mark>Sold</mark> <mark>Separately</mark>"
        },
        {
            "author": "Stephen M. Feldman",
            "description": "…Whether in the form of Christmas trees in town squares or prayer in school, fierce disputes over the <mark>separation</mark> of church and state have long bedeviled this country. Both decried and celebrated, this principle is considered by many, for right or wrong, a defining aspect of American national identity. Nearly all discussions regarding the role of religion in American life build on two dominant assumptions: first, the <mark>separation</mark> of church and state is a constitutional principle that promotes…",
            "isbn": "9780814726846",
            "publicationDate": "1997",
            "subtitle": "A Critical History of the <mark>Separation</mark> of Church and State",
            "thumbnail": "https://nyu-opensquare-us.imgix.net/covers/9780814726846.jpg?auto=format&w=145",
            "title": "Please Don't Wish Me a Merry Christmas"
        },
        {
            "author": "Marshall W. Alcorn Jr.",
            "description": "…, and post-structuralist schools, Alcorn investigates the power of the text that underlies the reader response approach to literature in a strikingly new way. He <mark>shows</mark> how the production of literary texts begins and ends with narcissistic self-love, and also <mark>shows</mark> how the reader's interest in these texts is directed by libidinal investment.Psychoanalysts, psychologists, and lovers of literature will enjoy Alcorn's diverse and far-reaching insights into classic and contemporary writers and thinkers.…",
            "isbn": "9780814706657",
            "publicationDate": "1994",
            "subtitle": "Rhetoric, Text, and Subjectivity",
            "thumbnail": "https://nyu-opensquare-us.imgix.net/covers/9780814706657.jpg?auto=format&w=145",
            "title": "Narcissism and the Literary Libido"
        },
        {
            "author": "Peggy Fitzhugh Johnstone",
            "description": "…George Eliot has been widely praised both for the richness of her prose and the universality of her themes. In this compelling study, Peggy Fitzhugh Johnstone goes beyond these traditional foci to examine the role of aggression in Eliot's fiction and to find its source in the author's unconscious sense of loss stemming from traumatic family <mark>separations</mark> and deaths during her childhood and adolescence. Johnstone demonstrates that Eliot's creative work was a constructive response to her sense…",
            "isbn": "9780814742358",
            "publicationDate": "1994",
            "subtitle": "Mourning and Creativity in George Eliot's Fiction",
            "thumbnail": "https://nyu-opensquare-us.imgix.net/covers/9780814742358.jpg?auto=format&w=145",
            "title": "Transformation of Rage"
        },
        {
            "author": "James Darsey",
            "description": "…, compromise, and negotiation. On this model, radical speech is often taken to be a sympton of social disorder. Not so, contends Darsey, who argues that the rhetoric of reform in America represents the continuation of a tradition <mark>separate</mark> from the commonly accepted principles of the Greeks. Though the links have gone unrecognized, the American radical tradition stems not from Aristotle, he maintains, but from the prophets of the Hebrew Bible.…",
            "isbn": "9780814718766",
            "publicationDate": "1997",
            "subtitle": "",
            "thumbnail": "https://nyu-opensquare-us.imgix.net/covers/9780814718766.jpg?auto=format&w=145",
            "title": "The Prophetic Tradition and Radical Rhetoric in America"
        },
        {
            "author": "Ruth Colker",
            "description": "… to the heterosexual community and are regarded with suspicion by gays and lesbians. Interracial couples are rendered invisible through monoracial recordkeeping that confronts them at school, at work, and on official documents. In Hybrid, Ruth Colker argues that our bipolar classification system obscures a genuine understanding of the very nature of subordination. Acknowledging that categorization is crucial and unavoidable in a world of practical problems and day-to-day conflicts, Ruth Colker <mark>shows</mark> how categories…",
            "isbn": "9780814715383",
            "publicationDate": "1996",
            "subtitle": "Bisexuals, Multiracials, and Other Misfits Under American Law",
            "thumbnail": "https://nyu-opensquare-us.imgix.net/covers/9780814715383.jpg?auto=format&w=145",
            "title": "Hybrid"
        },
        {
            "author": "Barbara Fass Leavy",
            "description": "… for a mortal man who holds the key to her imprisonment. When she manages to regain this key, she escapes to the otherworld, never to return. These tales have most often been interpreted as depicting exogamous marriages, describing the girl from another tribe trapped in a world where she will always be the outsider. Barbara Fass Leavy believes that, in the societies in which the tale and its variants endured, woman was the other--the outsider trapped in a society that could never be her own. Leavy <mark>shows</mark> how…",
            "isbn": "9780814751008",
            "publicationDate": "1994",
            "subtitle": "A Narrative on Folklore and Gender",
            "thumbnail": "https://nyu-opensquare-us.imgix.net/covers/9780814751008.jpg?auto=format&w=145",
            "title": "In Search of the Swan Maiden"
        },
        {
            "author": "Mark Hertzog",
            "description": "… population. He <mark>shows</mark> that lavender self- identifiers comprise a distinctive voting bloc equal in numbers to Latino voters, more liberal across the board on domestic social issues (though not necessarily on economic or national security issues) than non-gay voters, and extremely unified in high-salience elections. Further, lavender voters, contrary to popular belief, are up for grabs between the two major parties.Offering a clear and thorough explanation of LGB voting tendencies, this volume will be must…",
            "isbn": "9780814735305",
            "publicationDate": "",
            "subtitle": "Lesbians, Gay Men, and Bisexuals in American Electoral Politics",
            "thumbnail": "https://nyu-opensquare-us.imgix.net/covers/9780814735305.jpg?auto=format&w=145",
            "title": "The Lavender Vote"
        },
        {
            "author": "Amia Lieblich",
            "description": "… on to describe the re-entry of the POWs into family and social roles upon their release and return to Israel in 1973. An exploration of the personal impact of the experience on the wives of the married prisoners introduces the women's own stories of <mark>separation</mark> and reunion. Some of them had suddenly found themselves, in effect, single mothers—yet their husbands were alive. Their husbands found stronger, more independent women in place of the traditional ones they had left behind. One of the women remarks, I…",
            "isbn": "9780814750957",
            "publicationDate": "1994",
            "subtitle": "The Inner World of Pows",
            "thumbnail": "https://nyu-opensquare-us.imgix.net/covers/9780814750957.jpg?auto=format&w=145",
            "title": "Seasons of Captivity"
        },
        {
            "author": "Mizuko Ito, Crystle Martin, Rachel Cody Pfister, Matthew H. Rafalow, Katie Salen and Amanda Wortman",
            "description": "… and unique cultures and practices of different online affinity networks, and how they support “connected learning”—learning that brings together youth interests, social activity, and accomplishment in civic, academic, and career relevant arenas. Although involvement in online communities is an established fixture of growing up in the networked age, participation in these spaces <mark>show</mark> how young people are actively taking up new media for their own engaged learning and social development. While providing…",
            "isbn": "9781479852758",
            "publicationDate": "2019",
            "subtitle": "How Connection and Shared Interest Fuel Learning",
            "thumbnail": "https://nyu-opensquare-us.imgix.net/covers/9781479852758.jpg?auto=format&w=145",
            "title": "Affinity Online"
        },
        {
            "author": "Gail R. Benjamin",
            "description": "…Gail R. Benjamin reaches beyond predictable images of authoritarian Japanese educators and automaton schoolchildren to <mark>show</mark> the advantages and disadvantages of a system remarkably different from the American one... --The New York Times Book Review Americans regard the Japanese educational system and the lives of Japanese children with a mixture of awe and indignance. We respect a system that produces higher literacy rates and superior math skills, but we reject the excesses of a system…",
            "isbn": "9780814712917",
            "publicationDate": "1997",
            "subtitle": "A Year in a Japanese School Through the Eyes of An American Anthropologist and Her Children",
            "thumbnail": "https://nyu-opensquare-us.imgix.net/covers/9780814712917.jpg?auto=format&w=145",
            "title": "Japanese Lessons"
        }
    ],
    "resultsNumBooks": 11
}