{
    "id": "57883906207683cfb705d59f6fe007fe56277f92bb3c77aaba76a789a660782c",
    "query": "\"cultural criticism\"",
    "resultsMetadata": [
        {
            "author": "Michael F. Bérubé",
            "description": "…What sorts of <mark>cultural</mark> <mark>criticism</mark> are teachers and scholars to produce, and how can that criticism be \"employed\" in the culture at large? In recent years, debates about the role and direction of English departments have mushroomed into a broader controversy over the public legitimacy of literary criticism. At first glance this might seem odd: few taxpayers and legislators care whether the nation's English professors are doing justice to the project of identifying the beautiful and the sublime…",
            "isbn": "9780814713013",
            "publicationDate": "1998",
            "subtitle": "Theory, Jobs, and the Future of Literary Studies",
            "thumbnail": "https://nyu-opensquare-us.imgix.net/covers/9780814713013.jpg?auto=format&w=145",
            "title": "Employment of English"
        },
        {
            "author": "Keith Beattie",
            "description": "… examines the central metaphors of the Vietnam war and their manifestations in American culture and life. Blending history and <mark>cultural</mark> <mark>criticism</mark> in a lucid style, this provocative book discusses an ideology of unity that has emerged through widespread rhetorical and cultural references to the war. A critique of this ideology reveals three dominant themes structured in a range of texts: the \"wound,\" \"the voice\" of the Vietnam veteran, and \"home.\" The analysis of each theme draws on a range of sources…",
            "isbn": "9780814713266",
            "publicationDate": "1998",
            "subtitle": "American Culture and the Vietnam War",
            "thumbnail": "https://nyu-opensquare-us.imgix.net/covers/9780814713266.jpg?auto=format&w=145",
            "title": "The Scar That Binds"
        }
    ],
    "resultsNumBooks": 2
}