{
    "id": "5b3fc635e8287ce524ff1fc93c24cf18b269dec13f3ac60907e4f32a813762b7",
    "query": "law science",
    "resultsMetadata": [
        {
            "author": "Steven Goldberg",
            "description": "… sluggish and much-delayed. From Star Trek to Jurassic Park, the American imagination has always been fascinated by the power of scientific technology. But what does the reality of scientific progress mean for our society?  In this controversial book, Steven Goldberg provides a compelling look at the intersection of two of America's most powerful communities—<mark>law</mark> and <mark>science</mark>—to explain this apparent contradiction. Rarely considered in tandem, <mark>law</mark> and <mark>science</mark> highlight a fundamental paradox…",
            "isbn": "9780814730911",
            "publicationDate": "1994",
            "subtitle": "<mark>Law</mark> and <mark>Science</mark> in America",
            "thumbnail": "/open-square-reader/epub_content/9780814730911/ops/images/9780814730911-th.jpg",
            "title": "Culture Clash"
        },
        {
            "author": "Ruth Colker",
            "description": "… regarding affirmative action, accommodation for disabled persons, and family and medical leave for pregnant woman and their partners. In American <mark>Law</mark> in the Age of Hypercapitalism, Ruth Colker examines how American <mark>law</mark> purports to reflect--and actively promotes--a laissez-faire capitalism that disproportionately benefits the entrepreneurial class. Colker proposes that the quality of American life depends also on fairness and equality rather than simply the single-minded and formulaic pursuit…",
            "isbn": "9780814715635",
            "publicationDate": "1998",
            "subtitle": "The Worker, the Family, and the State",
            "thumbnail": "/open-square-reader/epub_content/9780814715635/ops/images/9780814715635-th.jpg",
            "title": "American <mark>Law</mark> in the Age of Hypercapitalism"
        },
        {
            "author": "Paul Harris",
            "description": "In 1971, Paul Harris pioneered the modern version of the black rage defense when he successfully defended a young black man charged with armed bank robbery. Dubbed one of the most novel criminal defenses in American history by Vanity Fair, the black rage defense is enormously controversial, frequently dismissed as irresponsible, nothing less than a harbinger of anarchy. Consider the firestorm of protest that resulted when the defense for Colin Ferguson, the gunman who murdered numerous…",
            "isbn": "9780814735923",
            "publicationDate": "1997",
            "subtitle": "",
            "thumbnail": "/open-square-reader/epub_content/9780814735923/ops/images/9780814735923-th.jpg",
            "title": "Black Rage Confronts the <mark>Law</mark>"
        },
        {
            "author": "Nancy Levit",
            "description": "… essentialism Drawing on a wealth of interdisciplinary data regarding the biological and cultural origins of sex differences, Levit provides a fresh perspective on gendered behaviors and argues the need for careful cultivation of new relations between the sexes. With its focus particularly on men, The Gender Line offers an insightful overview of the construction of gender and the damaging effects of its stereotypes. Levit analyzes the ways in which <mark>law</mark> legitimizes the social segregation of the sexes through…",
            "isbn": "9780814751213",
            "publicationDate": "1998",
            "subtitle": "Men, Women, and the <mark>Law</mark>",
            "thumbnail": "/open-square-reader/epub_content/9780814751213/ops/images/9780814751213-th.jpg",
            "title": "The Gender Line"
        },
        {
            "author": "Gary Minda",
            "description": "…What do Catharine MacKinnon, the legacy of Brown v. Board of Education, and Lani Guinier have in common? All have, in recent years, become flashpoints for different approaches to legal reform. In the last quarter century, the study and practice of <mark>law</mark> have been profoundly influenced by a number of powerful new movements; academics and activists alike are rethinking the interaction between <mark>law</mark> and society, focusing more on the tangible effects of <mark>law</mark> on human lives than on its procedural…",
            "isbn": "9780814755112",
            "publicationDate": "1995",
            "subtitle": "<mark>Law</mark> and Jurisprudence At Century's End",
            "thumbnail": "/open-square-reader/epub_content/9780814755112/ops/images/9780814755112-th.jpg",
            "title": "Postmodern Legal Movements"
        },
        {
            "author": "Robert L. Hayman Jr.",
            "description": "… of their scientific legitimacy, but because of their longstanding political appeal. The belief in a natural intellectual order was pervasive in \"scientific\" and \"political\" thought both at the founding of the Republic and throughout its nineteenth-century Reconstruction. And while we are today formally committed to the notion of equality under the <mark>law</mark>, our culture retains its central belief in the natural inequality of its members. Consequently, Hayman argues, the promise of a genuine equality can be realized…",
            "isbn": "9780814735336",
            "publicationDate": "1998",
            "subtitle": "Society, Intelligence, and <mark>Law</mark>",
            "thumbnail": "/open-square-reader/epub_content/9780814735336/ops/images/9780814735336-th.jpg",
            "title": "The Smart Culture"
        },
        {
            "author": "Ruth Colker",
            "description": "The United States, and the West in general, has always organized society along bipolar lines. We are either gay or straight, male or female, white or not, disabled or not. In recent years, however, America seems increasingly aware of those who defy such easy categorization. Yet, rather than being welcomed for the challenges that they offer, people living the gap are often ostracized by all the communities to which they might belong. Bisexuals, for instance, are often blamed for spreading AIDS to…",
            "isbn": "9780814715383",
            "publicationDate": "1996",
            "subtitle": "Bisexuals, Multiracials, and Other Misfits Under American <mark>Law</mark>",
            "thumbnail": "/open-square-reader/epub_content/9780814715383/ops/images/9780814715383-th.jpg",
            "title": "Hybrid"
        },
        {
            "author": "John W. Chapman",
            "description": "…In this thirty-first annual volume in the American Society of Legal and Political Philosophy's NOMOS series, entitled Markets and Justice, a number of distinguished authors consider a variety of topics in the area where economics, philosophy, and political <mark>science</mark> join paths. Included are essays such as \"Contractarian Method, Private Property, and the Market Economy,\" \"Justice Under Capitalism,\" and \"Market Choice and Human Choice.\" Authors include Joshua Cohen, MIT; Gerald F. Gaus, University…",
            "isbn": "9780814714218",
            "publicationDate": "1989",
            "subtitle": "Nomos XXXI",
            "thumbnail": "/open-square-reader/epub_content/9780814714218/ops/images/9780814714218-th.jpg",
            "title": "Markets and Justice"
        },
        {
            "author": "John W. Chapman",
            "description": "…This Major Reference series brings together a wide range of key international articles in <mark>law</mark> and legal theory. Many of these essays are not readily accessible, and their presentation in these volumes will provide a vital new resource for both research and teaching. Each volume is edited by leading international authorities who explain the significance and context of articles in an informative and complete introduction.…",
            "isbn": "9780814714539",
            "publicationDate": "1991",
            "subtitle": "Nomos XXXIII",
            "thumbnail": "/open-square-reader/epub_content/9780814714539/ops/images/9780814714539-th.jpg",
            "title": "Compensatory Justice"
        },
        {
            "author": "Martha Grace Duncan",
            "description": "…An ex-convict struggles with his addictive yearning for prison. A <mark>law</mark>-abiding citizen broods over his pleasure in violent, illegal acts. A prison warden loses his job because he is so successful in rehabilitating criminals. These are but a few of the intriguing stories Martha Grace Duncan examines in her bold, interdisciplinary book Romantic Outlaws, Beloved Prisons. Duncan writes: \"This is a book about paradoxes and mingled yarns - about the bright sides of dark events, the silver linings…",
            "isbn": "9780814718803",
            "publicationDate": "1996",
            "subtitle": "The Unconscious Meanings of Crime and Punishment",
            "thumbnail": "/open-square-reader/epub_content/9780814718803/ops/images/9780814718803-th.jpg",
            "title": "Romantic Outlaws, Beloved Prisons"
        },
        {
            "author": "Stanley A Renshon",
            "description": "… two related but distinctive approaches to the issue of presidential character and psychology. The first concerns the mental health of our candidates and presidents. Are they emotionally and personally stable? Is their temperament suitable for the presidency? The second concerns character. Is the candidate honest? Does he possess the necessary judgment and motivation to deal with the tremendous responsibilities and pressures of the office? Drawing on his clinical and political <mark>science</mark> training…",
            "isbn": "9780814774694",
            "publicationDate": "1996",
            "subtitle": "",
            "thumbnail": "/open-square-reader/epub_content/9780814774694/ops/images/9780814774694-th.jpg",
            "title": "The Psychological Assessment of Presidential Candidates"
        },
        {
            "author": "Charles B. Craver",
            "description": "…\"Defines the challenges facing the movement and offers comprehensive prescriptions for its successful transformation.\"—The George Washington <mark>Law</mark> ReviewA valuable analysis of the rise, fall, and--hopefully—the revival of unionism in America. [The book] distills into readable form a mass of legal and empirical analysis of what has been happening in the workplaces of the United States and other industrial democracies. Most important, Craver has drawn a blueprint of what must be done to save…",
            "isbn": "9780814715123",
            "publicationDate": "1993",
            "subtitle": "The Rejuvenation of the American Labor Movement",
            "thumbnail": "/open-square-reader/epub_content/9780814715123/ops/images/9780814715123-th.jpg",
            "title": "Can Unions Survive?"
        },
        {
            "author": "Ian Shapiro, Robert Adams",
            "description": "…, but in others they can live in varying degrees of mutual tension. Bringing together prominent scholars of legal theory and political philosophy, the volume addresses both classic ruminations on integrity and conscience by Plato, Hume, and Kant as well as more contemporary examinations of professional ethics and the complex relations among politics, <mark>law</mark> and personal morality.…",
            "isbn": "9780814780978",
            "publicationDate": "1998",
            "subtitle": "Nomos XL",
            "thumbnail": "/open-square-reader/epub_content/9780814780978/ops/images/9780814780978-th.jpg",
            "title": "Integrity and Conscience"
        },
        {
            "author": "Scott Douglas Gerber",
            "description": "…Seldom has American <mark>law</mark> seen a more towering figure than Chief Justice John Marshall. Indeed, Marshall is almost universally regarded as the \"father of the Supreme Court\" and \"the jurist who started it all.\" Yet even while acknowledging the indelible stamp Marshall put on the Supreme Court, it is possible--in fact necessary--to examine the pre-Marshall Court, and its justices, to gain a true understanding of the origins of American constitutionalism. The ten essays in this tightly edited volume…",
            "isbn": "9780814731437",
            "publicationDate": "1998",
            "subtitle": "The Supreme Court Before John Marshall",
            "thumbnail": "/open-square-reader/epub_content/9780814731437/ops/images/9780814731437-th.jpg",
            "title": "Seriatim"
        },
        {
            "author": "James B. Jacobs, Christopher Panarella, Jay Worthington",
            "description": "…Since Prohibition, the Mafia has captivated the media and, indeed, the American imagination. From Al Capone to John Gotti, organized crime bosses have achieved notoriety as anti- heroes in popular culture. In practice, organized crime grew strong and wealthy by supplying illicit goods and services and by obtaining control over labor unions and key industries. Despite, or perhaps because of, its power and high profile, Cosa Nostra faced little opposition from <mark>law</mark> enforcement. Yet, in the last 15…",
            "isbn": "9780814742303",
            "publicationDate": "1994",
            "subtitle": "The United States v. Cosa Nostra",
            "thumbnail": "/open-square-reader/epub_content/9780814742303/ops/images/9780814742303-th.jpg",
            "title": "Busting the Mob"
        },
        {
            "author": "Steve Kroll-Smith, H. Hugh Floyd",
            "description": "… are so sensitive to chemicals of any kind that they must retreat entirely from the modern world. Bodies in Protest does not seek to answer the question of whether or not chemical sensitivity is physiological or psychological, rather, it reveals how ordinary people borrow the expert language of medicine to construct lay accounts of their misery. The environmentally ill are not only explaining their bodies to themselves, however, they are also influencing public policies and <mark>laws</mark> to accommodate…",
            "isbn": "9780814746622",
            "publicationDate": "1997",
            "subtitle": "Environmental Illness and the Struggle Over Medical Knowledge",
            "thumbnail": "/open-square-reader/epub_content/9780814746622/ops/images/9780814746622-th.jpg",
            "title": "Bodies in Protest"
        }
    ],
    "resultsNumBooks": 16
}