{
    "id": "5ec7be4d5ef4629bef2db168a963d18fc2d8488df901369490802a49321e0caa",
    "query": "literature -conflict",
    "resultsMetadata": [
        {
            "author": "Robert Rogers",
            "description": "…In Self and Other, Robert Rogers presents a powerful argument for the adoption of a theory of object relations, combining the best features of traditional psychoanalytic theory with contemporary views on attachment behavior and intersubjectivity. Rogers discusses theory in relation both to actual psychoanalytic case histories and imagined selves found in <mark>literature</mark>, and provides a critical rereading of the case histories of Freud, Winnicott, Lichtenstein, Sechehaye, and Bettelheim. At once…",
            "isbn": "9780814774434",
            "publicationDate": "1991",
            "subtitle": "Object Relations in Psychoanalysis and <mark>Literature</mark>",
            "thumbnail": "/open-square-reader/epub_content/9780814774434/ops/images/9780814774434-th.jpg",
            "title": "Self and Other"
        },
        {
            "author": "Katherine Mayberry",
            "description": "…Can whites teach African-American <mark>literature</mark> effectively and legitimately? What is at issue when a man teaches a women's studies course? How effectively can a straight woman educate students about gay and lesbian history? What are the political implications of the study of the colonizers by the colonized? More generally, how does the identity of an educator affect his or her credibility with students and with other educators? In incident after well-publicized incident, these abstract questions…",
            "isbn": "9780814755471",
            "publicationDate": "1996",
            "subtitle": "Identity Politics in Higher Education",
            "thumbnail": "/open-square-reader/epub_content/9780814755471/ops/images/9780814755471-th.jpg",
            "title": "Teaching What You're Not"
        },
        {
            "author": "Marshall W. Alcorn Jr.",
            "description": "…, and post-structuralist schools, Alcorn investigates the power of the text that underlies the reader response approach to <mark>literature</mark> in a strikingly new way. He shows how the production of literary texts begins and ends with narcissistic self-love, and also shows how the reader's interest in these texts is directed by libidinal investment.Psychoanalysts, psychologists, and lovers of <mark>literature</mark> will enjoy Alcorn's diverse and far-reaching insights into classic and contemporary writers and thinkers.…",
            "isbn": "9780814706657",
            "publicationDate": "1994",
            "subtitle": "Rhetoric, Text, and Subjectivity",
            "thumbnail": "/open-square-reader/epub_content/9780814706657/ops/images/9780814706657-th.jpg",
            "title": "Narcissism and the Literary Libido"
        },
        {
            "author": "Bertha Harris",
            "description": "…A landmark work of lesbian <mark>literature</mark>, Lover was first published in 1972 by the now-defunct feminist press, Daughters, to tremendous critical acclaim. Emerging out of the women's and gay liberation movement alongside the early work of such writers as Rita Mae Brown and Jill Johnston, the novel features fictional and historical characters who run the gamut from saint to poor white trash, and who are by turn vulnerable and strong. One of the finest examples of early post-Stonewall lesbian fiction…",
            "isbn": "9780814735053",
            "publicationDate": "1976",
            "subtitle": "",
            "thumbnail": "/open-square-reader/epub_content/9780814735053/ops/images/9780814735053-th.jpg",
            "title": "Lover"
        },
        {
            "author": "Daniel Rancour-Laferriere",
            "description": "…Why, asks Daniel Rancour-Laferriere in this controversial book, has Russia been a country of suffering? Russian history, religion, folklore, and <mark>literature</mark> are rife with suffering. The plight of Anna Karenina, the submissiveness of serfs in the 16th and 17th centuries, ancient religious tracts emphasizing humility as the mother of virtues, the trauma of the Bolshevik revolution, the current economic upheavals wracking the country-- these are only a few of the symptoms of what The Slave Soul…",
            "isbn": "9780814774823",
            "publicationDate": "1995",
            "subtitle": "Moral Masochism and the Cult of Suffering",
            "thumbnail": "/open-square-reader/epub_content/9780814774823/ops/images/9780814774823-th.jpg",
            "title": "The Slave Soul of Russia"
        },
        {
            "author": "Barbara Fass Leavy",
            "description": "… the tale, though rarely explicitly recognized, is frequently replayed in modern <mark>literature</mark>. Beautifully written, this book reveals the myriad ways in which the folktales of a society reflect its cultural values, and particularly how folktales are allegories of gender relations. It will interest anyone involved in literary, gender, and cultural studies.…",
            "isbn": "9780814751008",
            "publicationDate": "1994",
            "subtitle": "A Narrative on Folklore and Gender",
            "thumbnail": "/open-square-reader/epub_content/9780814751008/ops/images/9780814751008-th.jpg",
            "title": "In Search of the Swan Maiden"
        },
        {
            "author": "Martha Grace Duncan",
            "description": "… of sable clouds.\" She portrays upright citizens who harbor a strange liking for criminal deeds, and criminals who conceive of prison in positive terms: as a nurturing mother, an academy, a matrix of spiritual rebirth, or a refuge from life's trivia. In developing her unique vision, Duncan draws on <mark>literature</mark>, history, psychoanalysis, and law. Her work reveals a nonutopian world in which criminals and non-criminals--while injuring each other in obvious ways--nonetheless live together in a symbiotic…",
            "isbn": "9780814718803",
            "publicationDate": "1996",
            "subtitle": "The Unconscious Meanings of Crime and Punishment",
            "thumbnail": "/open-square-reader/epub_content/9780814718803/ops/images/9780814718803-th.jpg",
            "title": "Romantic Outlaws, Beloved Prisons"
        },
        {
            "author": "Robert Seltzer, Norman S. Cohen",
            "description": "…- medieval Britain and France and only sixty years less than in Amsterdam. As one of the four especially creative Jewish communities that has helped re-shape and re-formulate modern Judaism, American Judaism is the most complex and least understood. German Jewry is recognized for its contribution to modern Jewish theology and philosophy, Russian and Polish Jewry is known for its secular influence in <mark>literature</mark>, and Israel clearly offers Judaism a new stance as a homeland. But how does one capture…",
            "isbn": "9780814780015",
            "publicationDate": "1995",
            "subtitle": "",
            "thumbnail": "/open-square-reader/epub_content/9780814780015/ops/images/9780814780015-th.jpg",
            "title": "The Americanization of the Jews"
        },
        {
            "author": "Amia Lieblich",
            "description": "…\"[An] engrossing study, told mainly by the subjects themselves... a valuable addition to POW <mark>literature</mark> and unique for its positive view of wartime captivity.\"—Publishers Weekly \"Lieblich has skillfully integrated oral histories to produce a compelling story.\"—Library Journal \"The minutes of the meetings recorded hereby are an excerpt of the lives of ten men, who had spent all their days and nights together. Each one observed the other in his grief and joy.Each one, according to his ability…",
            "isbn": "9780814750957",
            "publicationDate": "1994",
            "subtitle": "The Inner World of Pows",
            "thumbnail": "/open-square-reader/epub_content/9780814750957/ops/images/9780814750957-th.jpg",
            "title": "Seasons of Captivity"
        },
        {
            "author": "David Kleinbard",
            "description": "… Professor of German and English <mark>Literatures</mark>,University of Virginia. For beauty is nothing but the beginning of terror, which we are just able to bear, and we wonder at it so because it calmly disdainsto destroy us.\"—Rilke Beginning with Rilke's 1910 novel, The Notebooks of Malte Laurids Brigge, The Beginning of Terror examines the ways in which the poet mastered the illness that is so frightening and crippling in Malte and made the illness a resource for his art. Kleinbard goes on to explore Rilke's…",
            "isbn": "9780814746677",
            "publicationDate": "1993",
            "subtitle": "A Psychological Study of Rainer Maria Rilke's Life and Work",
            "thumbnail": "/open-square-reader/epub_content/9780814746677/ops/images/9780814746677-th.jpg",
            "title": "The Beginning of Terror"
        }
    ],
    "resultsNumBooks": 10
}