{
    "id": "68bf0109c6f8a87bfa96d1ecd9503326ba35cf4a6086988a1d2c8a20fbef00d1",
    "query": "education",
    "resultsMetadata": [
        {
            "author": "Katherine Mayberry",
            "description": "…Can whites teach African-American literature effectively and legitimately? What is at issue when a man teaches a women's studies course? How effectively can a straight woman <mark>educate</mark> students about gay and lesbian history? What are the political implications of the study of the colonizers by the colonized? More generally, how does the identity of an <mark>educator</mark> affect his or her credibility with students and with other <mark>educators</mark>? In incident after well-publicized incident, these abstract questions…",
            "isbn": "9780814755471",
            "publicationDate": "1996",
            "subtitle": "Identity Politics in Higher <mark>Education</mark>",
            "thumbnail": "https://nyu-opensquare-us.imgix.net/covers/9780814755471.jpg?auto=format&w=145",
            "title": "Teaching What You're Not"
        },
        {
            "author": "Gail R. Benjamin",
            "description": "…Gail R. Benjamin reaches beyond predictable images of authoritarian Japanese <mark>educators</mark> and automaton schoolchildren to show the advantages and disadvantages of a system remarkably different from the American one... --The New York Times Book Review Americans regard the Japanese <mark>educational</mark> system and the lives of Japanese children with a mixture of awe and indignance. We respect a system that produces higher literacy rates and superior math skills, but we reject the excesses of a system…",
            "isbn": "9780814712917",
            "publicationDate": "1997",
            "subtitle": "A Year in a Japanese School Through the Eyes of An American Anthropologist and Her Children",
            "thumbnail": "https://nyu-opensquare-us.imgix.net/covers/9780814712917.jpg?auto=format&w=145",
            "title": "Japanese Lessons"
        },
        {
            "author": "S. Craig Watkins with Andres Lombana-Bermudez, Alexander Cho, Vivian Shaw, Jacqueline Ryan Vickery and Lauren Weinzimmer",
            "description": "… with students, teachers, and parents, and hundreds of hours of observation in technology classes and after school programs, The Digital Edge carefully documents some of the emergent challenges for creating a more equitable digital and <mark>educational</mark> future. Focusing on the complex interactions between race, class, gender, geography and social inequality, the book explores the <mark>educational</mark> perils and possibilities of the expansion of digital media into the lives and learning environments of low-income youth…",
            "isbn": "9781479849857",
            "publicationDate": "2018",
            "subtitle": "How Black and Latino Youth Navigate Digital Inequality",
            "thumbnail": "https://nyu-opensquare-us.imgix.net/covers/9781479849857.jpg?auto=format&w=145",
            "title": "The Digital Edge"
        },
        {
            "author": "Cary Nelson",
            "description": "…In an age when innovative scholarly work is at an all-time high, the academy itself is being rocked by structural change. Funding is plummeting. Tenure increasingly seems a prospect for only the elite few. Ph.D.'s are going begging for even adjunct work. Into this tumult steps Cary Nelson, with a no- holds-barred account of recent developments in higher <mark>education</mark>. Eloquent and witty, Manifesto of a Tenured Radical urges academics to apply the theoretical advances of the last twenty years…",
            "isbn": "9780814757970",
            "publicationDate": "1997",
            "subtitle": "",
            "thumbnail": "https://nyu-opensquare-us.imgix.net/covers/9780814757970.jpg?auto=format&w=145",
            "title": "Manifesto of a Tenured Radical"
        },
        {
            "author": "Gary Minda",
            "description": "…What do Catharine MacKinnon, the legacy of Brown v. Board of <mark>Education</mark>, and Lani Guinier have in common? All have, in recent years, become flashpoints for different approaches to legal reform. In the last quarter century, the study and practice of law have been profoundly influenced by a number of powerful new movements; academics and activists alike are rethinking the interaction between law and society, focusing more on the tangible effects of law on human lives than on its procedural…",
            "isbn": "9780814755112",
            "publicationDate": "1995",
            "subtitle": "Law and Jurisprudence At Century's End",
            "thumbnail": "https://nyu-opensquare-us.imgix.net/covers/9780814755112.jpg?auto=format&w=145",
            "title": "Postmodern Legal Movements"
        },
        {
            "author": "Sonia Livingstone, Julian Sefton-Green",
            "description": "…Do today’s youth have more opportunities than their parents? As they build their own social and digital networks, does that offer new routes to learning and friendship? How do they navigate the meaning of <mark>education</mark> in a digitally connected but fiercely competitive, highly individualized world? Based upon fieldwork at an ordinary London school, The Class examines young people's experiences of growing up and learning in a digital world. In this original and engaging study, Livingstone and Sefton…",
            "isbn": "9781479824243",
            "publicationDate": "2016",
            "subtitle": "Living and Learning in the Digital Age",
            "thumbnail": "https://nyu-opensquare-us.imgix.net/covers/9781479824243.jpg?auto=format&w=145",
            "title": "The Class"
        },
        {
            "author": "Pearl Oliner, Samuel P. Oliner, Lawrence Baron, Lawrence Blum",
            "description": "… studies of non-Jewish rescuers of Jews during World War II. It is the work of a multi-disciplinary and international group of scholars, including philosophers, social psychologists, historians, sociologists, and <mark>educators</mark>, challenging several prevailing conceptual definitions and motivational sources of altruism. The book combines both new empirical and historical research as well as theoretical and philosophical approaches and includes a lengthy section addressing the practical implications…",
            "isbn": "9780814761908",
            "publicationDate": "1992",
            "subtitle": "Philosophical, Psychological, and Historical Perspectives on Altruism",
            "thumbnail": "https://nyu-opensquare-us.imgix.net/covers/9780814761908.jpg?auto=format&w=145",
            "title": "Embracing the Other"
        },
        {
            "author": "Michael F. Bérubé",
            "description": "…. But in the context of the legitimation crisis in American higher <mark>education</mark>, the image of English departments has in fact played a major role in determining public attitudes toward colleges and college faculty. Similarly, the changing economic conditions of universities have prompted many English professors to rethink their relations to their \"clients,\" asking how literary study can serve the American public. What sorts of cultural criticism are teachers and scholars to produce, and how can that criticism…",
            "isbn": "9780814713013",
            "publicationDate": "1998",
            "subtitle": "Theory, Jobs, and the Future of Literary Studies",
            "thumbnail": "https://nyu-opensquare-us.imgix.net/covers/9780814713013.jpg?auto=format&w=145",
            "title": "Employment of English"
        },
        {
            "author": "Nancy Levit",
            "description": "… legal decisions regarding custody, employment, <mark>education</mark>, sexual harassment, and criminal law. In so doing, she illustrates the ways in which men's and women's oppressions are intertwined and how law molds the very definition of masculinity. Applying feminist methodology to the doctrine of feminism itself, Levit artfully demonstrates that gender separatism infects even our contemporary views of feminism. Levit asks questions that have been too long been unspoken--those that lie at the core…",
            "isbn": "9780814751213",
            "publicationDate": "1998",
            "subtitle": "Men, Women, and the Law",
            "thumbnail": "https://nyu-opensquare-us.imgix.net/covers/9780814751213.jpg?auto=format&w=145",
            "title": "The Gender Line"
        }
    ],
    "resultsNumBooks": 9
}