{
    "id": "6ea607f9a01e62d1531a0809507966ce1d6a322cab7502915063ae0529e0bc90",
    "query": "dilemma",
    "resultsMetadata": [
        {
            "author": "Ben-Ami Scharfstein",
            "description": "…In The <mark>Dilemma</mark> of Context, Scharfstein contends that the problems encountered with context are insoluble. He explains why this problem lays an intellectual burden on us that, while remaining inescapable,can become so heavy it destroys the understandingit was created to further.…",
            "isbn": "9780814779163",
            "publicationDate": "1989",
            "subtitle": "",
            "thumbnail": "https://nyu-opensquare-us.imgix.net/covers/9780814779163.jpg?auto=format&w=145",
            "title": "The <mark>Dilemma</mark> of Context"
        },
        {
            "author": "Seth Forman",
            "description": "… victimization and white racism that often infuses work on Blacks and Jews, Forman emphasizes the complexities inherent in one distinct white ethnic group's involvement in America's racial <mark>dilemma</mark>.…",
            "isbn": "9780814726815",
            "publicationDate": "1998",
            "subtitle": "A Crisis of Liberalism",
            "thumbnail": "https://nyu-opensquare-us.imgix.net/covers/9780814726815.jpg?auto=format&w=145",
            "title": "Blacks in the Jewish Mind"
        }
    ],
    "resultsNumBooks": 2
}