{
    "id": "956e22b93147d413f2a0da7871cae4811ad33d52458052053938c9b2048ebf1a",
    "query": "shapiro",
    "resultsMetadata": [
        {
            "author": "Ian <mark>Shapiro</mark>, Robert Adams",
            "description": "Can individuals believe that they are acting with integrity, yet in disobedience to the dictates of their conscience? Can they retain fidelity to their conscience while ignoring a sense of what integrity requires? Integrity and conscience are often thought to be closely related, perhaps even different aspects of a single impulse. This timely book supports a different and more complicated view. Acting with integrity and obeying one's conscience might be mutually reinforcing in some settings, butâ€¦",
            "isbn": "9780814780978",
            "publicationDate": "1998",
            "subtitle": "Nomos XL",
            "thumbnail": "/open-square-reader/epub_content/9780814780978/ops/images/9780814780978-th.jpg",
            "title": "Integrity and Conscience"
        }
    ],
    "resultsNumBooks": 1
}