{
    "id": "a606a6a65af948c831938d21577f81e66c3ccb60855745b937c0366e05af4abb",
    "query": "Bérubé",
    "resultsMetadata": [
        {
            "author": "Michael F. <mark>Bérubé</mark>",
            "description": "… be \"employed\" in the culture at large? In The Employment of English, Michael <mark>Bérubé</mark>, one of our most eloquent and gifted critics, examines the cultural legitimacy of literary study. In witty, engaging prose, <mark>Bérubé</mark> asserts that we must situate these questions in a context in which nearly half of all college professors are part-time labor and in which English departments are torn between their traditional mission of defining movements of literary history and protocols of textual interpretation…",
            "isbn": "9780814713013",
            "publicationDate": "1998",
            "subtitle": "Theory, Jobs, and the Future of Literary Studies",
            "thumbnail": "/open-square-reader/epub_content/9780814713013/ops/images/9780814713013-th.jpg",
            "title": "Employment of English"
        }
    ],
    "resultsNumBooks": 1
}