{
    "id": "b9776d7ddf459c9ad5b0e1d6ac61e27befb5e99fd62446677600d7cacef544d0",
    "query": "the",
    "resultsMetadata": [
    ],
    "resultsNumBooks": 0
}