{
    "id": "f09f149fa26808f8702a6de3f1df63cc9e4651987f3109ee81002207f1477b6d",
    "query": "Netflix",
    "resultsMetadata": [
        {
            "author": "Ramon Lobato",
            "description": "…Television, once a broadcast medium, now also travels through our telephone lines, fiber optic cables, and wireless networks. It is delivered to viewers via apps, screens large and small, and media players of all kinds. In this unfamiliar environment, new global giants of television distribution are emerging—including <mark>Netflix</mark>, the world’s largest subscription video-on-demand service. Combining media industry analysis with cultural theory, Ramon Lobato explores the political and policy tensions…",
            "isbn": "9781479804948",
            "publicationDate": "2019",
            "subtitle": "The Geography of Digital Distribution",
            "thumbnail": "https://nyu-opensquare-us.imgix.net/covers/9781479804948.jpg?auto=format&w=145",
            "title": "<mark>Netflix</mark> Nations"
        }
    ],
    "resultsNumBooks": 1
}