{
    "id": "f0a8e234305f6485ffc465b4394369f115831ba725144b11d5c169aeff0d5780",
    "query": "ramon lobato",
    "resultsMetadata": [
        {
            "author": "<mark>Ramon</mark> <mark>Lobato</mark>",
            "description": "…Television, once a broadcast medium, now also travels through our telephone lines, fiber optic cables, and wireless networks. It is delivered to viewers via apps, screens large and small, and media players of all kinds. In this unfamiliar environment, new global giants of television distribution are emerging—including Netflix, the world’s largest subscription video-on-demand service. Combining media industry analysis with cultural theory, <mark>Ramon</mark> <mark>Lobato</mark> explores the political and policy tensions…",
            "isbn": "9781479804948",
            "publicationDate": "2019",
            "subtitle": "The Geography of Digital Distribution",
            "thumbnail": "/open-square-reader/epub_content/9781479804948/ops/images/9781479804948-th.jpg",
            "title": "Netflix Nations"
        }
    ],
    "resultsNumBooks": 1
}